[C:/Users/reasa/OneDrive/デスクトップ/kaminari/backblue.gif]
[C:/Users/reasa/OneDrive/デスクトップ/kaminari/fade.gif]
[C:/Users/reasa/OneDrive/デスクトップ/kaminari/index.html]
[C:/Users/reasa/OneDrive/デスクトップ/kaminari/maxcdn.bootstrapcdn.com/font-awesome/4.3.0/css/font-awesome.min.css]
[C:/Users/reasa/OneDrive/デスクトップ/kaminari/netdna.bootstrapcdn.com/bootstrap/3.0.0/css/bootstrap-glyphicons.css]
[C:/Users/reasa/OneDrive/デスクトップ/kaminari/www.kaminarizushi.jp/wp/wp-content/themes/wp_kaminari/images/favicon.ico]
[C:/Users/reasa/OneDrive/デスクトップ/kaminari/www.google-analytics.com/analytics.js]
[C:/Users/reasa/OneDrive/デスクトップ/kaminari/www.kaminarizushi.jp/wp/xmlrpc0db0.php]
[C:/Users/reasa/OneDrive/デスクトップ/kaminari/www.kaminarizushi.jp/wp-json/index.html]
[C:/Users/reasa/OneDrive/デスクトップ/kaminari/www.kaminarizushi.jp/wp/wp-includes/wlwmanifest.xml]
[C:/Users/reasa/OneDrive/デスクトップ/kaminari/connect.facebook.net/ja_JP/sdk.js]
[C:/Users/reasa/OneDrive/デスクトップ/kaminari/www.kaminarizushi.jp/wp/wp-content/themes/wp_kaminari/images/logo.png]
[C:/Users/reasa/OneDrive/デスクトップ/kaminari/www.kaminarizushi.jp/wp/wp-content/themes/wp_kaminari/images/head_tel.png]
[C:/Users/reasa/OneDrive/デスクトップ/kaminari/www.kaminarizushi.jp/wp/wp-content/themes/wp_kaminari/images/menu_home.png]
[C:/Users/reasa/OneDrive/デスクトップ/kaminari/www.kaminarizushi.jp/beginners.html]
[C:/Users/reasa/OneDrive/デスクトップ/kaminari/www.kaminarizushi.jp/wp/wp-content/themes/wp_kaminari/images/menu_beginners.png]
[C:/Users/reasa/OneDrive/デスクトップ/kaminari/www.kaminarizushi.jp/menu.html]
[C:/Users/reasa/OneDrive/デスクトップ/kaminari/www.kaminarizushi.jp/wp/wp-content/themes/wp_kaminari/images/menu_menu.png]
[C:/Users/reasa/OneDrive/デスクトップ/kaminari/www.kaminarizushi.jp/guide.html]
[C:/Users/reasa/OneDrive/デスクトップ/kaminari/www.kaminarizushi.jp/wp/wp-content/themes/wp_kaminari/images/menu_guide.png]
[C:/Users/reasa/OneDrive/デスクトップ/kaminari/www.kaminarizushi.jp/about.html]
[C:/Users/reasa/OneDrive/デスクトップ/kaminari/www.kaminarizushi.jp/wp/wp-content/themes/wp_kaminari/images/menu_about.png]
[C:/Users/reasa/OneDrive/デスクトップ/kaminari/www.kaminarizushi.jp/category/cat_blog.html]
[C:/Users/reasa/OneDrive/デスクトップ/kaminari/www.kaminarizushi.jp/wp/wp-content/themes/wp_kaminari/images/menu_blog.png]
[C:/Users/reasa/OneDrive/デスクトップ/kaminari/www.kaminarizushi.jp/newslist.html]
[C:/Users/reasa/OneDrive/デスクトップ/kaminari/www.kaminarizushi.jp/wp/wp-content/themes/wp_kaminari/images/menu_news.png]
[C:/Users/reasa/OneDrive/デスクトップ/kaminari/www.kaminarizushi.jp/contact.html]
[C:/Users/reasa/OneDrive/デスクトップ/kaminari/www.kaminarizushi.jp/wp/wp-content/themes/wp_kaminari/images/menu_contact.png]
[C:/Users/reasa/OneDrive/デスクトップ/kaminari/www.kaminarizushi.jp/wp/wp-content/themes/wp_kaminari/images/menu_fb.png]
[C:/Users/reasa/OneDrive/デスクトップ/kaminari/www.kaminarizushi.jp/wp/wp-content/uploads/2017/03/slide01a.png]
[C:/Users/reasa/OneDrive/デスクトップ/kaminari/www.kaminarizushi.jp/wp/wp-content/uploads/2017/03/slide02.png]
[C:/Users/reasa/OneDrive/デスクトップ/kaminari/www.kaminarizushi.jp/wp/wp-content/uploads/2017/03/slide03.png]
[C:/Users/reasa/OneDrive/デスクトップ/kaminari/www.facebook.com/kaminarizushi/index.html]
[C:/Users/reasa/OneDrive/デスクトップ/kaminari/www.kaminarizushi.jp/wp/wp-content/themes/wp_kaminari/images/top_beginners.png]
[C:/Users/reasa/OneDrive/デスクトップ/kaminari/www.kaminarizushi.jp/wp/wp-content/themes/wp_kaminari/images/top_begginers01.png]
[C:/Users/reasa/OneDrive/デスクトップ/kaminari/www.kaminarizushi.jp/wp/wp-content/themes/wp_kaminari/images/top_begginers02.png]
[C:/Users/reasa/OneDrive/デスクトップ/kaminari/www.kaminarizushi.jp/wp/wp-content/themes/wp_kaminari/images/top_begginers03.png]
[C:/Users/reasa/OneDrive/デスクトップ/kaminari/www.kaminarizushi.jp/wp/wp-content/themes/wp_kaminari/images/top_menu.png]
[C:/Users/reasa/OneDrive/デスクトップ/kaminari/www.kaminarizushi.jp/wp/wp-content/themes/wp_kaminari/images/top_menu01.png]
[C:/Users/reasa/OneDrive/デスクトップ/kaminari/www.kaminarizushi.jp/wp/wp-content/themes/wp_kaminari/images/top_menu02.png]
[C:/Users/reasa/OneDrive/デスクトップ/kaminari/www.kaminarizushi.jp/wp/wp-content/themes/wp_kaminari/images/top_menu03.png]
[C:/Users/reasa/OneDrive/デスクトップ/kaminari/www.kaminarizushi.jp/wp/wp-content/themes/wp_kaminari/images/top_menu04.png]
[C:/Users/reasa/OneDrive/デスクトップ/kaminari/www.kaminarizushi.jp/wp/wp-content/themes/wp_kaminari/images/top_menu05.png]
[C:/Users/reasa/OneDrive/デスクトップ/kaminari/www.kaminarizushi.jp/wp/wp-content/themes/wp_kaminari/images/top_menu06.png]
[C:/Users/reasa/OneDrive/デスクトップ/kaminari/www.kaminarizushi.jp/wp/wp-content/themes/wp_kaminari/images/top_menu07.png]
[C:/Users/reasa/OneDrive/デスクトップ/kaminari/www.kaminarizushi.jp/wp/wp-content/themes/wp_kaminari/images/top_news.png]
[C:/Users/reasa/OneDrive/デスクトップ/kaminari/www.kaminarizushi.jp/wp/wp-content/themes/wp_kaminari/images/top_blog.png]
[C:/Users/reasa/OneDrive/デスクトップ/kaminari/www.kaminarizushi.jp/wp/wp-content/themes/wp_kaminari/images/top_guide.png]
[C:/Users/reasa/OneDrive/デスクトップ/kaminari/www.kaminarizushi.jp/wp/wp-content/themes/wp_kaminari/images/top_guide01.png]
[C:/Users/reasa/OneDrive/デスクトップ/kaminari/www.google.com/maps/embedf607.html]
[C:/Users/reasa/OneDrive/デスクトップ/kaminari/www.kaminarizushi.jp/index.html]
[C:/Users/reasa/OneDrive/デスクトップ/kaminari/maxcdn.bootstrapcdn.com/font-awesome/4.3.0/css/font-awesome.min.css]
[C:/Users/reasa/OneDrive/デスクトップ/kaminari/netdna.bootstrapcdn.com/bootstrap/3.0.0/css/bootstrap-glyphicons.css]
[C:/Users/reasa/OneDrive/デスクトップ/kaminari/s.w.org/index.html]
[C:/Users/reasa/OneDrive/デスクトップ/kaminari/www.kaminarizushi.jp/wp/wp-content/themes/wp_kaminari/fonts/bootstrap/glyphicons-halflings-regular.ttf]
[C:/Users/reasa/OneDrive/デスクトップ/kaminari/www.kaminarizushi.jp/wp/wp-content/themes/wp_kaminari/css/images/close.png]
[C:/Users/reasa/OneDrive/デスクトップ/kaminari/www.kaminarizushi.jp/wp/wp-content/themes/wp_kaminari/css/images/loading.gif]
[C:/Users/reasa/OneDrive/デスクトップ/kaminari/www.kaminarizushi.jp/wp/wp-content/themes/wp_kaminari/css/images/prev.png]
[C:/Users/reasa/OneDrive/デスクトップ/kaminari/www.kaminarizushi.jp/wp/wp-content/themes/wp_kaminari/css/images/next.png]
[C:/Users/reasa/OneDrive/デスクトップ/kaminari/www.kaminarizushi.jp/wp/wp-content/themes/wp_kaminari/css/main.css]
[C:/Users/reasa/OneDrive/デスクトップ/kaminari/www.kaminarizushi.jp/wp/wp-content/themes/wp_kaminari/images/line_pt.png]
[C:/Users/reasa/OneDrive/デスクトップ/kaminari/www.kaminarizushi.jp/wp/wp-content/themes/wp_kaminari/images/header_gra.png]
[C:/Users/reasa/OneDrive/デスクトップ/kaminari/www.kaminarizushi.jp/wp/wp-content/themes/wp_kaminari/images/header_bg.png]
[C:/Users/reasa/OneDrive/デスクトップ/kaminari/www.kaminarizushi.jp/wp/wp-content/themes/wp_kaminari/images/header_menu.png]
[C:/Users/reasa/OneDrive/デスクトップ/kaminari/www.kaminarizushi.jp/wp/wp-content/themes/wp_kaminari/images/header_beginners.png]
[C:/Users/reasa/OneDrive/デスクトップ/kaminari/www.kaminarizushi.jp/wp/wp-content/themes/wp_kaminari/images/header_guide.png]
[C:/Users/reasa/OneDrive/デスクトップ/kaminari/www.kaminarizushi.jp/wp/wp-content/themes/wp_kaminari/images/header_about.png]
[C:/Users/reasa/OneDrive/デスクトップ/kaminari/www.kaminarizushi.jp/wp/wp-content/themes/wp_kaminari/images/header_cat_blog.png]
[C:/Users/reasa/OneDrive/デスクトップ/kaminari/www.kaminarizushi.jp/wp/wp-content/themes/wp_kaminari/images/header_newslist.png]
[C:/Users/reasa/OneDrive/デスクトップ/kaminari/www.kaminarizushi.jp/wp/wp-content/themes/wp_kaminari/images/header_contact.png]
[C:/Users/reasa/OneDrive/デスクトップ/kaminari/www.kaminarizushi.jp/wp/wp-content/themes/wp_kaminari/images/slide_bg.png]
[C:/Users/reasa/OneDrive/デスクトップ/kaminari/www.kaminarizushi.jp/wp/wp-content/themes/wp_kaminari/images/footer_bottom_bg.png]
[C:/Users/reasa/OneDrive/デスクトップ/kaminari/www.kaminarizushi.jp/wp/wp-content/themes/wp_kaminari/images/button_gray.png]
[C:/Users/reasa/OneDrive/デスクトップ/kaminari/www.kaminarizushi.jp/wp/wp-content/themes/wp_kaminari/images/button_black.png]
[C:/Users/reasa/OneDrive/デスクトップ/kaminari/www.kaminarizushi.jp/wp/wp-content/themes/wp_kaminari/images/button_cursor.png]
[C:/Users/reasa/OneDrive/デスクトップ/kaminari/www.kaminarizushi.jp/wp/wp-content/themes/wp_kaminari/images/top_beginner_bg.png]
[C:/Users/reasa/OneDrive/デスクトップ/kaminari/www.kaminarizushi.jp/wp/wp-content/themes/wp_kaminari/images/top_beginner_gra.png]
[C:/Users/reasa/OneDrive/デスクトップ/kaminari/www.kaminarizushi.jp/wp/wp-content/themes/wp_kaminari/images/top_blog_bg.png]
[C:/Users/reasa/OneDrive/デスクトップ/kaminari/www.kaminarizushi.jp/wp/wp-content/themes/wp_kaminari/images/list_cursor.png]
[C:/Users/reasa/OneDrive/デスクトップ/kaminari/www.kaminarizushi.jp/wp/wp-content/themes/wp_kaminari/images/list_point.png]
[C:/Users/reasa/OneDrive/デスクトップ/kaminari/www.kaminarizushi.jp/wp/wp-content/themes/wp_kaminari/images/icon_black.png]
[C:/Users/reasa/OneDrive/デスクトップ/kaminari/www.kaminarizushi.jp/wp/wp-content/themes/wp_kaminari/images/sushi_icon01.png]
[C:/Users/reasa/OneDrive/デスクトップ/kaminari/www.kaminarizushi.jp/wp/wp-content/themes/wp_kaminari/images/menu_gra.png]
[C:/Users/reasa/OneDrive/デスクトップ/kaminari/www.kaminarizushi.jp/wp/wp-content/themes/wp_kaminari/images/icon_hishigata.png]
[C:/Users/reasa/OneDrive/デスクトップ/kaminari/www.kaminarizushi.jp/wp/wp-content/themes/wp_kaminari/images/icon_maru_blue.png]
[C:/Users/reasa/OneDrive/デスクトップ/kaminari/www.kaminarizushi.jp/wp/wp-content/themes/wp_kaminari/style.css]
[C:/Users/reasa/OneDrive/デスクトップ/kaminari/www.kaminarizushi.jp/wp/wp-content/themes/wp_kaminari/js/jquery-1.12.3.min.js]
[C:/Users/reasa/OneDrive/デスクトップ/kaminari/www.kaminarizushi.jp/wp/wp-content/themes/wp_kaminari/js/bootstrap.min0155.js]
[C:/Users/reasa/OneDrive/デスクトップ/kaminari/connect.facebook.net/ja_JP/sdk.js]
[C:/Users/reasa/OneDrive/デスクトップ/kaminari/s.yimg.jp/images/reservation/rm/assets/pc/0-0-2/js/tag-min.js]
[C:/Users/reasa/OneDrive/デスクトップ/kaminari/www.kaminarizushi.jp/wp-json/oembed/1.0/embed60d6.json]
[C:/Users/reasa/OneDrive/デスクトップ/kaminari/www.kaminarizushi.jp/wp-json/oembed/1.0/embedad2d]
[C:/Users/reasa/OneDrive/デスクトップ/kaminari/www.kaminarizushi.jp/wp/wp-content/themes/wp_kaminari/images/header_beginners_title.png]
[C:/Users/reasa/OneDrive/デスクトップ/kaminari/www.kaminarizushi.jp/wp/wp-content/themes/wp_kaminari/images/beginners_01_1.png]
[C:/Users/reasa/OneDrive/デスクトップ/kaminari/www.kaminarizushi.jp/wp/wp-content/themes/wp_kaminari/images/beginners_02_1.png]
[C:/Users/reasa/OneDrive/デスクトップ/kaminari/www.kaminarizushi.jp/wp/wp-content/themes/wp_kaminari/images/beginners_02_2.png]
[C:/Users/reasa/OneDrive/デスクトップ/kaminari/www.kaminarizushi.jp/wp/wp-content/themes/wp_kaminari/images/beginners_03_1.png]
[C:/Users/reasa/OneDrive/デスクトップ/kaminari/www.kaminarizushi.jp/wp/wp-content/themes/wp_kaminari/images/beginners_03_3.png]
[C:/Users/reasa/OneDrive/デスクトップ/kaminari/www.kaminarizushi.jp/wp/wp-content/themes/wp_kaminari/images/beginners_03_4.png]
[C:/Users/reasa/OneDrive/デスクトップ/kaminari/www.kaminarizushi.jp/wp/wp-content/themes/wp_kaminari/images/beginners_03_5.png]
[C:/Users/reasa/OneDrive/デスクトップ/kaminari/www.kaminarizushi.jp/wp/wp-content/themes/wp_kaminari/images/beginners_03_2.png]
[C:/Users/reasa/OneDrive/デスクトップ/kaminari/www.kaminarizushi.jp/wp/wp-content/themes/wp_kaminari/images/beginners_04_1.png]
[C:/Users/reasa/OneDrive/デスクトップ/kaminari/www.kaminarizushi.jp/wp/wp-content/themes/wp_kaminari/images/beginners_04_2.png]
[C:/Users/reasa/OneDrive/デスクトップ/kaminari/www.kaminarizushi.jp/wp/wp-content/themes/wp_kaminari/images/beginners_05_1.png]
[C:/Users/reasa/OneDrive/デスクトップ/kaminari/www.kaminarizushi.jp/wp/wp-content/themes/wp_kaminari/images/beginners_05_2.png]
[C:/Users/reasa/OneDrive/デスクトップ/kaminari/www.kaminarizushi.jp/wp/wp-content/themes/wp_kaminari/images/beginners_06_1.png]
[C:/Users/reasa/OneDrive/デスクトップ/kaminari/www.kaminarizushi.jp/wp/wp-content/themes/wp_kaminari/images/beginners_06_2.png]
[C:/Users/reasa/OneDrive/デスクトップ/kaminari/www.kaminarizushi.jp/wp/wp-content/themes/wp_kaminari/images/beginners_06_3.png]
[C:/Users/reasa/OneDrive/デスクトップ/kaminari/www.kaminarizushi.jp/wp/wp-content/themes/wp_kaminari/images/beginners_07_1.png]
[C:/Users/reasa/OneDrive/デスクトップ/kaminari/www.kaminarizushi.jp/wp/wp-content/themes/wp_kaminari/images/beginners_07_2.png]
[C:/Users/reasa/OneDrive/デスクトップ/kaminari/www.kaminarizushi.jp/wp/wp-content/themes/wp_kaminari/images/go_to_top.png]
[C:/Users/reasa/OneDrive/デスクトップ/kaminari/www.kaminarizushi.jp/wp/wp-content/themes/wp_kaminari/images/footer_logo.png]
[C:/Users/reasa/OneDrive/デスクトップ/kaminari/www.kaminarizushi.jp/wp/wp-content/themes/wp_kaminari/images/footer_tel.png]
[C:/Users/reasa/OneDrive/デスクトップ/kaminari/www.kaminarizushi.jp/beginners.html]
[C:/Users/reasa/OneDrive/デスクトップ/kaminari/www.kaminarizushi.jp/wp-json/oembed/1.0/embed76b4.json]
[C:/Users/reasa/OneDrive/デスクトップ/kaminari/www.kaminarizushi.jp/wp-json/oembed/1.0/embed96e9]
[C:/Users/reasa/OneDrive/デスクトップ/kaminari/www.kaminarizushi.jp/wp/wp-content/themes/wp_kaminari/images/header_menu_title.png]
[C:/Users/reasa/OneDrive/デスクトップ/kaminari/www.kaminarizushi.jp/wp/wp-content/themes/wp_kaminari/images/menu_title01.png]
[C:/Users/reasa/OneDrive/デスクトップ/kaminari/www.kaminarizushi.jp/wp/wp-content/themes/wp_kaminari/images/menu_txt01.png]
[C:/Users/reasa/OneDrive/デスクトップ/kaminari/www.kaminarizushi.jp/wp/wp-content/uploads/2017/03/20170327_222311_0011.jpg]
[C:/Users/reasa/OneDrive/デスクトップ/kaminari/www.kaminarizushi.jp/wp/wp-content/uploads/2017/03/20170327_2252271.jpg]
[C:/Users/reasa/OneDrive/デスクトップ/kaminari/www.kaminarizushi.jp/wp/wp-content/uploads/2017/03/20170327_2257291.jpg]
[C:/Users/reasa/OneDrive/デスクトップ/kaminari/www.kaminarizushi.jp/wp/wp-content/uploads/2017/03/20170327_2300312.jpg]
[C:/Users/reasa/OneDrive/デスクトップ/kaminari/www.kaminarizushi.jp/wp/wp-content/uploads/2017/03/20170327_2303471.jpg]
[C:/Users/reasa/OneDrive/デスクトップ/kaminari/www.kaminarizushi.jp/wp/wp-content/uploads/2017/03/20170328_1808472.jpg]
[C:/Users/reasa/OneDrive/デスクトップ/kaminari/www.kaminarizushi.jp/wp/wp-content/uploads/2023/10/menu_txt02.png]
[C:/Users/reasa/OneDrive/デスクトップ/kaminari/www.kaminarizushi.jp/wp/wp-content/themes/wp_kaminari/images/menu_title02.png]
[C:/Users/reasa/OneDrive/デスクトップ/kaminari/www.kaminarizushi.jp/wp/wp-content/themes/wp_kaminari/images/menu_gray_txt04.png]
[C:/Users/reasa/OneDrive/デスクトップ/kaminari/www.kaminarizushi.jp/wp/wp-content/themes/wp_kaminari/images/menu_gray_txt05.png]
[C:/Users/reasa/OneDrive/デスクトップ/kaminari/www.kaminarizushi.jp/wp/wp-content/themes/wp_kaminari/images/menu_gray_txt06.png]
[C:/Users/reasa/OneDrive/デスクトップ/kaminari/www.kaminarizushi.jp/wp/wp-content/themes/wp_kaminari/images/menu_title03.png]
[C:/Users/reasa/OneDrive/デスクトップ/kaminari/www.kaminarizushi.jp/wp/wp-content/themes/wp_kaminari/images/menu_gray_txt01.png]
[C:/Users/reasa/OneDrive/デスクトップ/kaminari/www.kaminarizushi.jp/wp/wp-content/themes/wp_kaminari/images/menu_gray_txt02.png]
[C:/Users/reasa/OneDrive/デスクトップ/kaminari/www.kaminarizushi.jp/wp/wp-content/themes/wp_kaminari/images/menu_gray_txt03.png]
[C:/Users/reasa/OneDrive/デスクトップ/kaminari/www.kaminarizushi.jp/menu.html]
[C:/Users/reasa/OneDrive/デスクトップ/kaminari/www.kaminarizushi.jp/wp-json/oembed/1.0/embeda87b.json]
[C:/Users/reasa/OneDrive/デスクトップ/kaminari/www.kaminarizushi.jp/wp-json/oembed/1.0/embed2a27]
[C:/Users/reasa/OneDrive/デスクトップ/kaminari/www.kaminarizushi.jp/wp/wp-content/themes/wp_kaminari/images/header_guide_title.png]
[C:/Users/reasa/OneDrive/デスクトップ/kaminari/www.kaminarizushi.jp/wp/wp-content/themes/wp_kaminari/images/guide_head.png]
[C:/Users/reasa/OneDrive/デスクトップ/kaminari/www.kaminarizushi.jp/wp/wp-content/themes/wp_kaminari/images/guide_02.png]
[C:/Users/reasa/OneDrive/デスクトップ/kaminari/www.kaminarizushi.jp/wp/wp-content/themes/wp_kaminari/images/guide_04.png]
[C:/Users/reasa/OneDrive/デスクトップ/kaminari/www.kaminarizushi.jp/wp/wp-content/themes/wp_kaminari/images/guide_01.png]
[C:/Users/reasa/OneDrive/デスクトップ/kaminari/www.kaminarizushi.jp/guide.html]
[C:/Users/reasa/OneDrive/デスクトップ/kaminari/www.kaminarizushi.jp/wp-json/oembed/1.0/embed659a.json]
[C:/Users/reasa/OneDrive/デスクトップ/kaminari/www.kaminarizushi.jp/wp-json/oembed/1.0/embedae4a]
[C:/Users/reasa/OneDrive/デスクトップ/kaminari/www.kaminarizushi.jp/wp/wp-content/themes/wp_kaminari/images/header_about_title.png]
[C:/Users/reasa/OneDrive/デスクトップ/kaminari/www.kaminarizushi.jp/wp/wp-content/themes/wp_kaminari/images/about_img01.png]
[C:/Users/reasa/OneDrive/デスクトップ/kaminari/www.kaminarizushi.jp/about.html]
[C:/Users/reasa/OneDrive/デスクトップ/kaminari/www.kaminarizushi.jp/category/cat_blog.html]
[C:/Users/reasa/OneDrive/デスクトップ/kaminari/www.kaminarizushi.jp/wp/wp-content/themes/wp_kaminari/images/header_newslist_title.png]
[C:/Users/reasa/OneDrive/デスクトップ/kaminari/www.kaminarizushi.jp/newslist.html]
[C:/Users/reasa/OneDrive/デスクトップ/kaminari/www.kaminarizushi.jp/wp-json/oembed/1.0/embed1a48.json]
[C:/Users/reasa/OneDrive/デスクトップ/kaminari/www.kaminarizushi.jp/wp-json/oembed/1.0/embed88b2]
[C:/Users/reasa/OneDrive/デスクトップ/kaminari/www.kaminarizushi.jp/wp/wp-content/themes/wp_kaminari/images/header_contact_title.png]
[C:/Users/reasa/OneDrive/デスクトップ/kaminari/www.kaminarizushi.jp/contact.html]
[C:/Users/reasa/OneDrive/デスクトップ/kaminari/www.facebook.com/kaminarizushi/index.html]
[C:/Users/reasa/OneDrive/デスクトップ/kaminari/www.google.com/maps/embedf607.html]
[C:/Users/reasa/OneDrive/デスクトップ/kaminari/www.kaminarizushi.jp/wp/wp-content/themes/wp_kaminari/fonts/bootstrap/glyphicons-halflings-regular.html]
[C:/Users/reasa/OneDrive/デスクトップ/kaminari/www.kaminarizushi.jp/wp/wp-content/themes/wp_kaminari/fonts/bootstrap/glyphicons-halflings-regulard41d.html]
[C:/Users/reasa/OneDrive/デスクトップ/kaminari/www.kaminarizushi.jp/wp/wp-content/themes/wp_kaminari/fonts/bootstrap/glyphicons-halflings-regular-2.html]
[C:/Users/reasa/OneDrive/デスクトップ/kaminari/www.kaminarizushi.jp/wp/wp-content/themes/wp_kaminari/fonts/bootstrap/glyphicons-halflings-regular-3.html]
[C:/Users/reasa/OneDrive/デスクトップ/kaminari/www.kaminarizushi.jp/wp/wp-content/themes/wp_kaminari/fonts/bootstrap/glyphicons-halflings-regular.svg]
[C:/Users/reasa/OneDrive/デスクトップ/kaminari/www.kaminarizushi.jp/Popover requires tooltip.html]
[C:/Users/reasa/OneDrive/デスクトップ/kaminari/www.kaminarizushi.jp/index42dc.html]
[C:/Users/reasa/OneDrive/デスクトップ/kaminari/www.kaminarizushi.jp/wp/wp-includes/js/wp-embed.min0155.js]
[C:/Users/reasa/OneDrive/デスクトップ/kaminari/www.kaminarizushi.jp/index2df4.html]
[C:/Users/reasa/OneDrive/デスクトップ/kaminari/www.kaminarizushi.jp/index64b4.html]
[C:/Users/reasa/OneDrive/デスクトップ/kaminari/www.kaminarizushi.jp/index678b.html]
[C:/Users/reasa/OneDrive/デスクトップ/kaminari/www.kaminarizushi.jp/newslist/feed]
[C:/Users/reasa/OneDrive/デスクトップ/kaminari/www.kaminarizushi.jp/newslist/feed/index.html]
[C:/Users/reasa/OneDrive/デスクトップ/kaminari/www.kaminarizushi.jp/wp/wp-content/plugins/contact-form-7/images/ajax-loader.gif]
[C:/Users/reasa/OneDrive/デスクトップ/kaminari/www.kaminarizushi.jp/wp/wp-content/plugins/contact-form-7/includes/css/styles1c9b.css]
[C:/Users/reasa/OneDrive/デスクトップ/kaminari/www.kaminarizushi.jp/wp/wp-content/plugins/contact-form-7/includes/js/jquery-ui/themes/smoothness/jquery-ui.mindb08.css]
[C:/Users/reasa/OneDrive/デスクトップ/kaminari/www.kaminarizushi.jp/index0735.html]
[C:/Users/reasa/OneDrive/デスクトップ/kaminari/www.kaminarizushi.jp/wp/wp-content/plugins/contact-form-7/includes/js/jquery.form.mind03d.js]
[C:/Users/reasa/OneDrive/デスクトップ/kaminari/www.kaminarizushi.jp/wp/wp-content/plugins/contact-form-7/includes/js/scripts1c9b.js]
[C:/Users/reasa/OneDrive/デスクトップ/kaminari/www.kaminarizushi.jp/wp/wp-includes/js/jquery/ui/core.mine899.js]
[C:/Users/reasa/OneDrive/デスクトップ/kaminari/www.kaminarizushi.jp/wp/wp-includes/js/jquery/ui/datepicker.mine899.js]
[C:/Users/reasa/OneDrive/デスクトップ/kaminari/www.kaminarizushi.jp/wp/wp-includes/js/jquery/ui/widget.mine899.js]
[C:/Users/reasa/OneDrive/デスクトップ/kaminari/www.kaminarizushi.jp/wp/wp-includes/js/jquery/ui/button.mine899.js]
[C:/Users/reasa/OneDrive/デスクトップ/kaminari/www.kaminarizushi.jp/wp/wp-includes/js/jquery/ui/spinner.mine899.js]
[C:/Users/reasa/OneDrive/デスクトップ/kaminari/www.kaminarizushi.jp/newslist/feed]
[C:/Users/reasa/OneDrive/デスクトップ/kaminari/www.kaminarizushi.jp/newslist/feed]
[C:/Users/reasa/OneDrive/デスクトップ/kaminari/www.kaminarizushi.jp/newslist/feed]
